;
; SkoolKit ref file for Harrier Attack
;
; To build the HTML disassembly, run these commands:
;   tap2sna.py @harrierattack.t2s
;   sna2skool.py -H -c sources/harrierattack.ctl HarrierAttack.z80 > sources/harrierattack.skool
;   skool2html.py -H sources/harrierattack.skool -T dark

[Config]
RefFiles=analytics.ref;bases.ref

[Game]
Game=Harrier Attack
Logo=#SCR1,0,0,32,4,$4000,$5800(/images/logo)
Copyright=&copy; 1983 Durell Software LTD
LinkInternalOperands=1
AddressAnchor={address#IF({base}==16)(:04x)}
StyleSheet=harrierattack.css;skoolkit.css;skoolkit-dark.css
GameDir=harrierattack

[PageHeaders]
GameIndex=The complete<>RAM disassembly (work in progress)

[Index]
MemoryMaps
Graphics
DataTables
Reference

[Page:Changelog]
SectionType=BulletPoints
[Changelog:20200701]
- First draft created in SkoolKit 8.1.
[Changelog:20220701]
- Updated to Skoolkit 8.6.
